## 日志信息

```text
2025-07-30T11:22:19.944+0000: 1.508: Total time for which application threads were stopped: 0.0001436 seconds, Stopping threads took: 0.0000355 seconds
2025-07-30T11:22:20.526+0000: 2.090: Total time for which application threads were stopped: 0.0002739 seconds, Stopping threads took: 0.0000424 seconds
2025-07-30T11:22:20.561+0000: 2.125: Total time for which application threads were stopped: 0.0003299 seconds, Stopping threads took: 0.0000378 seconds
2025-07-30T11:22:20.952+0000: 2.516: Total time for which application threads were stopped: 0.0002510 seconds, Stopping threads took: 0.0000441 seconds
2025-07-30T11:22:21.215+0000: 2.778: Total time for which application threads were stopped: 0.0005584 seconds, Stopping threads took: 0.0000413 seconds
2025-07-30T11:22:21.482+0000: 3.045: Total time for which application threads were stopped: 0.0005871 seconds, Stopping threads took: 0.0000489 seconds
{Heap before GC invocations=0 (full 0):
 garbage-first heap   total 12582912K, used 507904K [0x00000004e0000000, 0x00000004e1001800, 0x00000007e0000000)
  region size 16384K, 32 young (524288K), 0 survivors (0K)
 Metaspace       used 20771K, capacity 20992K, committed 21296K, reserved 1069056K
  class space    used 2336K, capacity 2406K, committed 2432K, reserved 1048576K
2025-07-30T11:22:21.539+0000: 3.102: [GC pause (Metadata GC Threshold) (young) (initial-mark), 0.0185205 secs]
   [Parallel Time: 11.5 ms, GC Workers: 8]
      [GC Worker Start (ms): Min: 3102.3, Avg: 3102.4, Max: 3102.5, Diff: 0.1]
      [Ext Root Scanning (ms): Min: 1.7, Avg: 1.8, Max: 2.1, Diff: 0.4, Sum: 14.7]
      [Update RS (ms): Min: 0.0, Avg: 0.0, Max: 0.0, Diff: 0.0, Sum: 0.0]
         [Processed Buffers: Min: 0, Avg: 0.0, Max: 0, Diff: 0, Sum: 0]
      [Scan RS (ms): Min: 0.0, Avg: 0.0, Max: 0.0, Diff: 0.0, Sum: 0.1]
      [Code Root Scanning (ms): Min: 0.0, Avg: 0.5, Max: 1.9, Diff: 1.9, Sum: 3.9]
      [Object Copy (ms): Min: 7.6, Avg: 8.9, Max: 9.6, Diff: 2.0, Sum: 71.5]
      [Termination (ms): Min: 0.0, Avg: 0.0, Max: 0.0, Diff: 0.0, Sum: 0.0]
         [Termination Attempts: Min: 1, Avg: 1.2, Max: 2, Diff: 1, Sum: 10]
      [GC Worker Other (ms): Min: 0.0, Avg: 0.0, Max: 0.0, Diff: 0.0, Sum: 0.2]
      [GC Worker Total (ms): Min: 11.2, Avg: 11.3, Max: 11.4, Diff: 0.1, Sum: 90.3]
      [GC Worker End (ms): Min: 3113.7, Avg: 3113.7, Max: 3113.7, Diff: 0.0]
   [Code Root Fixup: 0.1 ms]
   [Code Root Purge: 0.0 ms]
   [Clear CT: 0.2 ms]
   [Other: 6.6 ms]
      [Choose CSet: 0.0 ms]
      [Ref Proc: 5.7 ms]
      [Ref Enq: 0.1 ms]
      [Redirty Cards: 0.1 ms]
      [Humongous Register: 0.0 ms]
      [Humongous Reclaim: 0.0 ms]
      [Free CSet: 0.3 ms]
   [Eden: 512.0M(4096.0M)->0.0B(4064.0M) Survivors: 0.0B->32.0M Heap: 512.0M(12.0G)->18.7M(12.0G)]
Heap after GC invocations=1 (full 0):
 garbage-first heap   total 12582912K, used 19152K [0x00000004e0000000, 0x00000004e1001800, 0x00000007e0000000)
  region size 16384K, 2 young (32768K), 2 survivors (32768K)
 Metaspace       used 20771K, capacity 20992K, committed 21296K, reserved 1069056K
  class space    used 2336K, capacity 2406K, committed 2432K, reserved 1048576K
}
 [Times: user=0.08 sys=0.03, real=0.02 secs] 
```

---

## 🔍 一、基本信息提取

### 时间戳与系统运行时间

- `2025-07-30T11:22:21.539+0000: 3.102`：表示这是 JVM 启动后 **3.102 秒**发生的 GC。
- 之前的日志显示应用线程被短暂停止过多次（0.1~0.5ms），可能是其他线程操作或安全点同步。

### 内存配置

```text
garbage-first heap total 12582912K (~12GB)
region size 16384K (16MB per region)
```

- 堆大小：**12 GB**
- Region 大小：**16 MB**
- Eden 区初始使用了 512MB（32 regions × 16MB）
- Metaspace 使用约 20.7MB

---

## 📊 二、GC 类型分析

```text
[GC pause (Metadata GC Threshold) (young) (initial-mark), 0.0185205 secs]
```

这是一个 **混合 GC 暂停（Mixed GC）的开始阶段**，具体含义如下：

| 标签                        | 含义                                            |
|---------------------------|-----------------------------------------------|
| `(young)`                 | 年轻代回收                                         |
| `(initial-mark)`          | 初始标记阶段（并发标记的第一步）                              |
| `(Metadata GC Threshold)` | 触发原因是 Metaspace 使用接近阈值，触发 Full GC 或并发标记以回收元数据 |

👉 **说明：这次 GC 不仅是一次普通的年轻代 GC，还标志着并发标记周期的启动（CMS 或 G1 的并发标记）**。

---

## ⏱️ 三、GC 性能指标分析

### 1. 总耗时

```text
0.0185205 secs → 约 18.5 ms
[Times: user=0.08 sys=0.03, real=0.02 secs]
```

- **实际暂停时间（real）：20ms**
- CPU 时间（user+sys）：0.11s → 多线程并行执行累计时间
- 暂停时间较短，对应用影响小 ✅

> ⚠️ 注意：real=0.02 而日志说 0.0185，略有差异，可能因精度或四舍五入。

---

### 2. 并行阶段（Parallel Time: 11.5 ms, 8 workers）

| 子阶段                | 耗时（Avg） | 分析                           |
|--------------------|---------|------------------------------|
| Ext Root Scanning  | 1.8ms   | 扫描根对象（线程栈、寄存器等），正常           |
| Update RS          | 0.0ms   | 更新 Remembered Sets（跨区引用），未发生 |
| Scan RS            | 0.0ms   | 扫描 RS，无跨代引用压力                |
| Code Root Scanning | 0.5ms   | 扫描 JIT 编译代码中的根引用             |
| Object Copy        | 8.9ms   | 复制存活对象到 Survivor/Old，主要开销    |
| Termination        | 0.0ms   | 工作线程结束协作                     |
| GC Worker Other    | 0.0ms   | 其他辅助任务                       |

✅ 所有阶段耗时合理，无明显瓶颈。

---

### 3. 其他阶段（耗时 6.6ms）

| 阶段            | 耗时    | 分析                   |
|---------------|-------|----------------------|
| Ref Proc      | 5.7ms | 处理软/弱/虚引用，**占比高！⚠️** |
| Clear CT      | 0.2ms | 清理 card table        |
| Redirty Cards | 0.1ms | 重新标记脏卡页              |
| Free CSet     | 0.3ms | 释放收集集合中的 region      |
| Choose CSet   | 0.0ms | 本次未耗时                |

🔍 **重点关注：`Ref Proc: 5.7ms` 占比超过 30% 的总 GC 时间**

- 如果频繁出现，可能意味着：
    - 应用使用了大量 `WeakReference` / `SoftReference` / `PhantomReference`
    - 或缓存框架（如 Guava Cache）在清理过期条目
    - 或类加载器泄漏导致 ClassLoader 被频繁回收

---

## 📈 四、内存变化分析

### GC 前

```text
Heap: 512.0M(12.0G)->18.7M(12.0G)
Eden: 512.0M -> 0.0B
Survivors: 0.0B -> 32.0M
```

- Eden 区从 **512MB → 0**：全部回收
- Survivor 区新增 **32MB（2个 region）**
- 整个堆从 **512MB → 18.7MB 使用量**
- 回收了约 **493MB** 对象，说明对象大多为短生命周期（理想情况）

✅ 年轻代 GC 效果显著，对象“朝生夕死”，符合预期。

---

## 🔎 五、Metaspace 相关分析

```text
Metaspace used 20771K (~20.3MB)
Metadata GC Threshold 触发 GC
```

- Metaspace 当前使用 20.7MB，容量 20.992MB → **接近阈值**
- JVM 在 Metaspace 快满时会触发一次 GC 来尝试卸载类（尤其是无用的类加载器）
- 但本次 GC 后：
  ```text
  Metaspace used 20771K → 没有减少！
  ```
  ❌ **说明没有类被卸载成功！**

⚠️ 可能问题：

- 类加载器泄漏（ClassLoader leak）
- 动态生成类未释放（如反射、CGLIB、动态代理、Groovy、JSP 编译等）
- `-XX:MetaspaceSize` 设置太小，导致频繁触发 GC

---

## 🧩 六、Survivor 区变化

```text
survivors: 0 → 2 regions (32MB)
```

- 说明有部分对象经过一次 GC 仍然存活，进入 Survivor 区
- 是正常行为
- 后续观察是否会快速晋升到老年代（tenured）

---

## ✅ 总结：整体评估

| 维度                 | 评价                        |
|--------------------|---------------------------|
| **GC 暂停时间**        | 很短（~20ms），可接受 ✅           |
| **吞吐量影响**          | 小，暂无问题 ✅                  |
| **年轻代回收效率**        | 高，回收 493MB，仅留 18.7MB ❗️✅  |
| **引用处理时间**         | `Ref Proc: 5.7ms` 偏高 ⚠️   |
| **Metaspace 使用情况** | 接近阈值且未回收，有风险 ⚠️           |
| **是否触发并发标记**       | 是（initial-mark），后续应关注并发阶段 |

---

## 🛠️ 建议与优化方向

### 1. **关注 Metaspace 是否持续增长**

```bash
-XX:+PrintClassHistogram \
-XX:+TraceClassUnloading \
```

添加这些参数观察是否有类无法卸载。

✅ 推荐设置更大的 Metaspace 初始大小，避免频繁 GC：

```bash
-XX:MetaspaceSize=256m -XX:MaxMetaspaceSize=512m
```

---

### 2. **检查是否滥用引用类型**

如果 `Ref Proc` 持续偏高：

- 检查是否用了大量 `WeakHashMap`、`SoftReference`
- 检查是否有缓存未设置 TTL 或 maxSize
- 使用 `jmap -histo` 或 Profiler 分析对象分布

---

### 3. **监控后续 GC 行为**

这是一次 `(initial-mark)`，意味着接下来会进入 **并发标记阶段**（concurrent-mark），应关注：

- 是否发生 `remark` 和 `cleanup`
- 是否最终触发 `mixed gc` 回收老年代
- 老年代碎片情况

建议开启更完整的 GC 日志：

```bash
-Xlog:gc*,gc+heap=debug,gc+ergo*=trace,gc+age=trace:file=gc.log:time,tags
```

---

### 4. **调整 G1 参数（可选）**

若 Metaspace 压力大或 Mixed GC 频繁：

```bash
-XX:InitiatingHeapOccupancyPercent=45   # 默认 45%，降低可提前启动并发标记
-XX:G1HeapRegionSize=16m                # 已为 16MB，合理
-XX:MaxGCPauseMillis=200                # 控制目标暂停时间
```

---

## 📅 后续监控建议

1. **查看是否发生 Full GC**？如果有，说明并发模式失败（concurrent mode failure）。
2. **观察老年代增长趋势**：是否快速填满？
3. **检查是否有 Humongous 对象分配**？大对象会影响性能。
4. **使用工具分析**：如 GCViewer、GCEasy.io、VisualVM、JConsole。

---

## 📎 示例：上传到 GCEasy 分析

你可以将完整日志粘贴到 [https://gceasy.io](https://gceasy.io) 进行可视化分析，它会自动识别：

- GC 暂停时间趋势
- 吞吐量
- Metaspace 使用趋势
- 是否存在内存泄漏

---

## ✅ 最终结论

本次 GC 是一次 **由 Metaspace 接近阈值触发的年轻代 GC + 初始标记**，整体表现良好：

- 暂停时间短（20ms）
- 年轻代回收高效
- 但 **Metaspace 无回收成果**，且 **引用处理时间偏高**

📌 **建议：增大 Metaspace 大小，并排查类加载或引用使用情况，防止未来出现 Full GC 或元空间溢出（OutOfMemoryError: Metaspace）
**。

---

如需进一步分析，请提供后续的并发标记阶段日志（如 `remark`、`cleanup`、`mixed gc` 等）。